// Jest Snapshot v1, https://goo.gl/fbAQLP

exports[`<Pokemon /> should render pokemon page correctly 1`] = `
.c0 {
  display: -webkit-box;
  display: -webkit-flex;
  display: -ms-flexbox;
  display: flex;
  -webkit-align-items: center;
  -webkit-box-align: center;
  -ms-flex-align: center;
  align-items: center;
  -webkit-box-pack: space-around;
  -webkit-justify-content: space-around;
  -ms-flex-pack: space-around;
  justify-content: space-around;
  min-width: 35rem;
  padding: 5rem;
}

.c1 {
  margin-bottom: 1rem;
  color: #FAFAFA;
}

.c2 {
  display: -webkit-box;
  display: -webkit-flex;
  display: -ms-flexbox;
  display: flex;
  -webkit-align-items: center;
  -webkit-box-align: center;
  -ms-flex-align: center;
  align-items: center;
  -webkit-box-pack: center;
  -webkit-justify-content: center;
  -ms-flex-pack: center;
  justify-content: center;
}

.c2 > a {
  -webkit-text-decoration: none;
  text-decoration: none;
  color: #FAFAFA;
}

@media (max-width:768px) {
  .c0 {
    -webkit-flex-direction: column;
    -ms-flex-direction: column;
    flex-direction: column;
  }
}

<div
  class="c0"
>
  <h3
    class="c1"
  >
    Pokemon
  </h3>
  <div
    class="c2"
  >
    Back
  </div>
</div>
`
